Fetching distribution.
Downloading https://services.gradle.org/distributions/gradle-9.6.0-bin.zip
.............10%.............20%..............30%.............40%..............50%.............60%.............70%..............80%.............90%..............100%

Welcome to Gradle 9.6.0!

Here are the highlights of this release:
 - Improved Configuration Cache hit rates
 - Additional CLI rendering options
 - Important project hierarchy lookup deprecations

For more details see https://docs.gradle.org/9.6.0/release-notes.html

Starting a Gradle Daemon (subsequent builds will be faster)
Type-safe project accessors is an incubating feature.

> Configure project :composeApp
w: file:///home/ubuntu/DarkForge-X-Core/composeApp/build.gradle.kts:19:5: 'fun KotlinMultiplatformExtension.androidLibrary(configure: Action<DeprecatedKotlinMultiplatformAndroidLibraryTarget>): Unit' is deprecated. The 'androidLibrary' block is deprecated. Please use 'android' instead.
e: file:///home/ubuntu/DarkForge-X-Core/composeApp/build.gradle.kts:20:5: Unresolved reference 'compileOptions'.
e: file:///home/ubuntu/DarkForge-X-Core/composeApp/build.gradle.kts:21:9: Unresolved reference 'sourceCompatibility'.
e: file:///home/ubuntu/DarkForge-X-Core/composeApp/build.gradle.kts:22:9: Unresolved reference 'targetCompatibility'.
w: file:///home/ubuntu/DarkForge-X-Core/composeApp/build.gradle.kts:72:28: 'fun provideDelegate(thisRef: Any?, property: KProperty<*>): ExistingDomainObjectDelegate<CapturedType(out KotlinSourceSet)>' is deprecated. Use 'val element = getByName(name)' instead. See the Gradle 9.6 upgrading guide.
w: file:///home/ubuntu/DarkForge-X-Core/composeApp/build.gradle.kts:72:28: 'val <T : Any, U : NamedDomainObjectCollection<out T>> U.getting: NamedDomainObjectCollectionDelegateProvider<out T>' is deprecated. Use 'val element = getByName(name)' instead. See the Gradle 9.6 upgrading guide.
w: file:///home/ubuntu/DarkForge-X-Core/composeApp/build.gradle.kts:72:28: 'fun <T> ExistingDomainObjectDelegate<out T>.getValue(receiver: Any?, property: KProperty<*>): T' is deprecated. Use the named() API instead. See the Gradle 9.6 upgrading guide.
w: file:///home/ubuntu/DarkForge-X-Core/composeApp/build.gradle.kts:73:27: 'fun provideDelegate(thisRef: Any?, property: KProperty<*>): ExistingDomainObjectDelegate<KotlinSourceSet>' is deprecated. Use 'val element = getByName(name)' instead. See the Gradle 9.6 upgrading guide.
w: file:///home/ubuntu/DarkForge-X-Core/composeApp/build.gradle.kts:73:27: 'fun <T : Any, U : NamedDomainObjectCollection<T>> U.getting(configuration: T.() -> Unit): NamedDomainObjectCollectionDelegateProvider<T>' is deprecated. Use 'val element = getByName(name) { }' instead. See the Gradle 9.6 upgrading guide.
w: file:///home/ubuntu/DarkForge-X-Core/composeApp/build.gradle.kts:73:27: 'fun <T> ExistingDomainObjectDelegate<out T>.getValue(receiver: Any?, property: KProperty<*>): T' is deprecated. Use the named() API instead. See the Gradle 9.6 upgrading guide.
w: file:///home/ubuntu/DarkForge-X-Core/composeApp/build.gradle.kts:76:27: 'fun provideDelegate(thisRef: Any?, property: KProperty<*>): ExistingDomainObjectDelegate<KotlinSourceSet>' is deprecated. Use 'val element = getByName(name)' instead. See the Gradle 9.6 upgrading guide.
w: file:///home/ubuntu/DarkForge-X-Core/composeApp/build.gradle.kts:76:27: 'fun <T : Any, U : NamedDomainObjectCollection<T>> U.getting(configuration: T.() -> Unit): NamedDomainObjectCollectionDelegateProvider<T>' is deprecated. Use 'val element = getByName(name) { }' instead. See the Gradle 9.6 upgrading guide.
w: file:///home/ubuntu/DarkForge-X-Core/composeApp/build.gradle.kts:76:27: 'fun <T> ExistingDomainObjectDelegate<out T>.getValue(receiver: Any?, property: KProperty<*>): T' is deprecated. Use the named() API instead. See the Gradle 9.6 upgrading guide.
w: file:///home/ubuntu/DarkForge-X-Core/composeApp/build.gradle.kts:85:28: 'fun provideDelegate(thisRef: Any?, property: KProperty<*>): ExistingDomainObjectDelegate<KotlinSourceSet>' is deprecated. Use 'val element = getByName(name)' instead. See the Gradle 9.6 upgrading guide.
w: file:///home/ubuntu/DarkForge-X-Core/composeApp/build.gradle.kts:85:28: 'fun <T : Any, U : NamedDomainObjectCollection<T>> U.getting(configuration: T.() -> Unit): NamedDomainObjectCollectionDelegateProvider<T>' is deprecated. Use 'val element = getByName(name) { }' instead. See the Gradle 9.6 upgrading guide.
w: file:///home/ubuntu/DarkForge-X-Core/composeApp/build.gradle.kts:85:28: 'fun <T> ExistingDomainObjectDelegate<out T>.getValue(receiver: Any?, property: KProperty<*>): T' is deprecated. Use the named() API instead. See the Gradle 9.6 upgrading guide.

[Incubating] Problems report is available at: file:///home/ubuntu/DarkForge-X-Core/build/reports/problems/problems-report.html

FAILURE: Build failed with an exception.

* Where:
Build file '/home/ubuntu/DarkForge-X-Core/composeApp/build.gradle.kts' line: 19

* What went wrong:
Script compilation errors:

  Line 19:     androidLibrary {
               ^ 'fun KotlinMultiplatformExtension.androidLibrary(configure: Action<DeprecatedKotlinMultiplatformAndroidLibraryTarget>): Unit' is deprecated. The 'androidLibrary' block is deprecated. Please use 'android' instead.

  Line 20:     compileOptions {
               ^ Unresolved reference 'compileOptions'.

  Line 21:         sourceCompatibility = JavaVersion.VERSION_21
                   ^ Unresolved reference 'sourceCompatibility'.

  Line 22:         targetCompatibility = JavaVersion.VERSION_21
                   ^ Unresolved reference 'targetCompatibility'.

  Line 72:         val desktopMain by getting
                                      ^ 'fun provideDelegate(thisRef: Any?, property: KProperty<*>): ExistingDomainObjectDelegate<CapturedType(out KotlinSourceSet)>' is deprecated. Use 'val element = getByName(name)' instead. See the Gradle 9.6 upgrading guide.

  Line 72:         val desktopMain by getting
                                      ^ 'val <T : Any, U : NamedDomainObjectCollection<out T>> U.getting: NamedDomainObjectCollectionDelegateProvider<out T>' is deprecated. Use 'val element = getByName(name)' instead. See the Gradle 9.6 upgrading guide.

  Line 72:         val desktopMain by getting
                                      ^ 'fun <T> ExistingDomainObjectDelegate<out T>.getValue(receiver: Any?, property: KProperty<*>): T' is deprecated. Use the named() API instead. See the Gradle 9.6 upgrading guide.

  Line 73:         val commonMain by getting {
                                     ^ 'fun provideDelegate(thisRef: Any?, property: KProperty<*>): ExistingDomainObjectDelegate<KotlinSourceSet>' is deprecated. Use 'val element = getByName(name)' instead. See the Gradle 9.6 upgrading guide.

  Line 73:         val commonMain by getting {
                                     ^ 'fun <T : Any, U : NamedDomainObjectCollection<T>> U.getting(configuration: T.() -> Unit): NamedDomainObjectCollectionDelegateProvider<T>' is deprecated. Use 'val element = getByName(name) { }' instead. See the Gradle 9.6 upgrading guide.

  Line 73:         val commonMain by getting {
                                     ^ 'fun <T> ExistingDomainObjectDelegate<out T>.getValue(receiver: Any?, property: KProperty<*>): T' is deprecated. Use the named() API instead. See the Gradle 9.6 upgrading guide.

  Line 76:         val commonTest by getting {
                                     ^ 'fun provideDelegate(thisRef: Any?, property: KProperty<*>): ExistingDomainObjectDelegate<KotlinSourceSet>' is deprecated. Use 'val element = getByName(name)' instead. See the Gradle 9.6 upgrading guide.

  Line 76:         val commonTest by getting {
                                     ^ 'fun <T : Any, U : NamedDomainObjectCollection<T>> U.getting(configuration: T.() -> Unit): NamedDomainObjectCollectionDelegateProvider<T>' is deprecated. Use 'val element = getByName(name) { }' instead. See the Gradle 9.6 upgrading guide.

  Line 76:         val commonTest by getting {
                                     ^ 'fun <T> ExistingDomainObjectDelegate<out T>.getValue(receiver: Any?, property: KProperty<*>): T' is deprecated. Use the named() API instead. See the Gradle 9.6 upgrading guide.

  Line 85:         val androidMain by getting {
                                      ^ 'fun provideDelegate(thisRef: Any?, property: KProperty<*>): ExistingDomainObjectDelegate<KotlinSourceSet>' is deprecated. Use 'val element = getByName(name)' instead. See the Gradle 9.6 upgrading guide.

  Line 85:         val androidMain by getting {
                                      ^ 'fun <T : Any, U : NamedDomainObjectCollection<T>> U.getting(configuration: T.() -> Unit): NamedDomainObjectCollectionDelegateProvider<T>' is deprecated. Use 'val element = getByName(name) { }' instead. See the Gradle 9.6 upgrading guide.

  Line 85:         val androidMain by getting {
                                      ^ 'fun <T> ExistingDomainObjectDelegate<out T>.getValue(receiver: Any?, property: KProperty<*>): T' is deprecated. Use the named() API instead. See the Gradle 9.6 upgrading guide.

16 errors

* Try:
> Run with --info or --debug option to get more log output.
> Run with --scan to get full insights from a Build Scan (powered by Develocity).
> Get more help at https://help.gradle.org.

* Exception is:
ScriptCompilationException(scriptCompilationErrors=[ScriptCompilationError(message='fun KotlinMultiplatformExtension.androidLibrary(configure: Action<DeprecatedKotlinMultiplatformAndroidLibraryTarget>): Unit' is deprecated. The 'androidLibrary' block is deprecated. Please use 'android' instead., location=/home/ubuntu/.gradle/.tmp/gradle-kotlin-dsl-9081102679328503372.tmp/build.gradle.kts (19:5)), ScriptCompilationError(message=Unresolved reference 'compileOptions'., location=/home/ubuntu/.gradle/.tmp/gradle-kotlin-dsl-9081102679328503372.tmp/build.gradle.kts (20:5)), ScriptCompilationError(message=Unresolved reference 'sourceCompatibility'., location=/home/ubuntu/.gradle/.tmp/gradle-kotlin-dsl-9081102679328503372.tmp/build.gradle.kts (21:9)), ScriptCompilationError(message=Unresolved reference 'targetCompatibility'., location=/home/ubuntu/.gradle/.tmp/gradle-kotlin-dsl-9081102679328503372.tmp/build.gradle.kts (22:9)), ScriptCompilationError(message='fun provideDelegate(thisRef: Any?, property: KProperty<*>): ExistingDomainObjectDelegate<CapturedType(out KotlinSourceSet)>' is deprecated. Use 'val element = getByName(name)' instead. See the Gradle 9.6 upgrading guide., location=/home/ubuntu/.gradle/.tmp/gradle-kotlin-dsl-9081102679328503372.tmp/build.gradle.kts (72:28)), ScriptCompilationError(message='val <T : Any, U : NamedDomainObjectCollection<out T>> U.getting: NamedDomainObjectCollectionDelegateProvider<out T>' is deprecated. Use 'val element = getByName(name)' instead. See the Gradle 9.6 upgrading guide., location=/home/ubuntu/.gradle/.tmp/gradle-kotlin-dsl-9081102679328503372.tmp/build.gradle.kts (72:28)), ScriptCompilationError(message='fun <T> ExistingDomainObjectDelegate<out T>.getValue(receiver: Any?, property: KProperty<*>): T' is deprecated. Use the named() API instead. See the Gradle 9.6 upgrading guide., location=/home/ubuntu/.gradle/.tmp/gradle-kotlin-dsl-9081102679328503372.tmp/build.gradle.kts (72:28)), ScriptCompilationError(message='fun provideDelegate(thisRef: Any?, property: KProperty<*>): ExistingDomainObjectDelegate<KotlinSourceSet>' is deprecated. Use 'val element = getByName(name)' instead. See the Gradle 9.6 upgrading guide., location=/home/ubuntu/.gradle/.tmp/gradle-kotlin-dsl-9081102679328503372.tmp/build.gradle.kts (73:27)), ScriptCompilationError(message='fun <T : Any, U : NamedDomainObjectCollection<T>> U.getting(configuration: T.() -> Unit): NamedDomainObjectCollectionDelegateProvider<T>' is deprecated. Use 'val element = getByName(name) { }' instead. See the Gradle 9.6 upgrading guide., location=/home/ubuntu/.gradle/.tmp/gradle-kotlin-dsl-9081102679328503372.tmp/build.gradle.kts (73:27)), ScriptCompilationError(message='fun <T> ExistingDomainObjectDelegate<out T>.getValue(receiver: Any?, property: KProperty<*>): T' is deprecated. Use the named() API instead. See the Gradle 9.6 upgrading guide., location=/home/ubuntu/.gradle/.tmp/gradle-kotlin-dsl-9081102679328503372.tmp/build.gradle.kts (73:27)), ScriptCompilationError(message='fun provideDelegate(thisRef: Any?, property: KProperty<*>): ExistingDomainObjectDelegate<KotlinSourceSet>' is deprecated. Use 'val element = getByName(name)' instead. See the Gradle 9.6 upgrading guide., location=/home/ubuntu/.gradle/.tmp/gradle-kotlin-dsl-9081102679328503372.tmp/build.gradle.kts (76:27)), ScriptCompilationError(message='fun <T : Any, U : NamedDomainObjectCollection<T>> U.getting(configuration: T.() -> Unit): NamedDomainObjectCollectionDelegateProvider<T>' is deprecated. Use 'val element = getByName(name) { }' instead. See the Gradle 9.6 upgrading guide., location=/home/ubuntu/.gradle/.tmp/gradle-kotlin-dsl-9081102679328503372.tmp/build.gradle.kts (76:27)), ScriptCompilationError(message='fun <T> ExistingDomainObjectDelegate<out T>.getValue(receiver: Any?, property: KProperty<*>): T' is deprecated. Use the named() API instead. See the Gradle 9.6 upgrading guide., location=/home/ubuntu/.gradle/.tmp/gradle-kotlin-dsl-9081102679328503372.tmp/build.gradle.kts (76:27)), ScriptCompilationError(message='fun provideDelegate(thisRef: Any?, property: KProperty<*>): ExistingDomainObjectDelegate<KotlinSourceSet>' is deprecated. Use 'val element = getByName(name)' instead. See the Gradle 9.6 upgrading guide., location=/home/ubuntu/.gradle/.tmp/gradle-kotlin-dsl-9081102679328503372.tmp/build.gradle.kts (85:28)), ScriptCompilationError(message='fun <T : Any, U : NamedDomainObjectCollection<T>> U.getting(configuration: T.() -> Unit): NamedDomainObjectCollectionDelegateProvider<T>' is deprecated. Use 'val element = getByName(name) { }' instead. See the Gradle 9.6 upgrading guide., location=/home/ubuntu/.gradle/.tmp/gradle-kotlin-dsl-9081102679328503372.tmp/build.gradle.kts (85:28)), ScriptCompilationError(message='fun <T> ExistingDomainObjectDelegate<out T>.getValue(receiver: Any?, property: KProperty<*>): T' is deprecated. Use the named() API instead. See the Gradle 9.6 upgrading guide., location=/home/ubuntu/.gradle/.tmp/gradle-kotlin-dsl-9081102679328503372.tmp/build.gradle.kts (85:28))])
	at org.gradle.kotlin.dsl.support.KotlinCompilerKt.reportToMessageCollectorAndThrowOnErrors(KotlinCompiler.kt:211)
	at org.gradle.kotlin.dsl.support.KotlinCompilerKt.compileKotlinScriptModuleTo(KotlinCompiler.kt:180)
	at org.gradle.kotlin.dsl.support.KotlinCompilerKt.compileKotlinScriptToDirectory(KotlinCompiler.kt:134)
	at org.gradle.kotlin.dsl.execution.ResidualProgramCompiler.compileScript_C5AE47M$lambda$0(ResidualProgramCompiler.kt:717)
	at org.gradle.kotlin.dsl.provider.StandardKotlinScriptEvaluator$InterpreterHost$runCompileBuildOperation$1.call(KotlinScriptEvaluator.kt:211)
	at org.gradle.kotlin.dsl.provider.StandardKotlinScriptEvaluator$InterpreterHost$runCompileBuildOperation$1.call(KotlinScriptEvaluator.kt:208)
	at org.gradle.internal.operations.DefaultBuildOperationRunner$CallableBuildOperationWorker.execute(DefaultBuildOperationRunner.java:210)
	at org.gradle.internal.operations.DefaultBuildOperationRunner$CallableBuildOperationWorker.execute(DefaultBuildOperationRunner.java:205)
	at org.gradle.internal.operations.DefaultBuildOperationRunner$2.execute(DefaultBuildOperationRunner.java:67)
	at org.gradle.internal.operations.DefaultBuildOperationRunner$2.execute(DefaultBuildOperationRunner.java:60)
	at org.gradle.internal.operations.DefaultBuildOperationRunner.execute(DefaultBuildOperationRunner.java:167)
	at org.gradle.internal.operations.DefaultBuildOperationRunner.execute(DefaultBuildOperationRunner.java:60)
	at org.gradle.internal.operations.DefaultBuildOperationRunner.call(DefaultBuildOperationRunner.java:54)
	at org.gradle.kotlin.dsl.provider.StandardKotlinScriptEvaluator$InterpreterHost.runCompileBuildOperation(KotlinScriptEvaluator.kt:208)
	at org.gradle.kotlin.dsl.execution.Interpreter$ProgramHost$compileSecondStageOf$cacheDir$1$1$1$1$1.invoke(Interpreter.kt:506)
	at org.gradle.kotlin.dsl.execution.Interpreter$ProgramHost$compileSecondStageOf$cacheDir$1$1$1$1$1.invoke(Interpreter.kt:506)
	at org.gradle.kotlin.dsl.execution.ResidualProgramCompiler.compileScript-C5AE47M(ResidualProgramCompiler.kt:715)
	at org.gradle.kotlin.dsl.execution.ResidualProgramCompiler.compileScript-C5AE47M$default(ResidualProgramCompiler.kt:707)
	at org.gradle.kotlin.dsl.execution.ResidualProgramCompiler.emitStage2ProgramFor(ResidualProgramCompiler.kt:366)
	at org.gradle.kotlin.dsl.execution.Interpreter$ProgramHost.compileSecondStageOf$lambda$0(Interpreter.kt:507)
	at org.gradle.kotlin.dsl.provider.StandardKotlinScriptEvaluator$KotlinScriptCompilationAndInstrumentation.compile(KotlinScriptEvaluator.kt:447)
	at org.gradle.internal.scripts.BuildScriptCompilationAndInstrumentation.execute(BuildScriptCompilationAndInstrumentation.java:140)
	at org.gradle.internal.execution.steps.ExecuteStep.executeInternal(ExecuteStep.java:167)
	at org.gradle.internal.execution.steps.ExecuteStep.access$000(ExecuteStep.java:47)
	at org.gradle.internal.execution.steps.ExecuteStep$1.call(ExecuteStep.java:137)
	at org.gradle.internal.execution.steps.ExecuteStep$1.call(ExecuteStep.java:134)
	at org.gradle.internal.operations.DefaultBuildOperationRunner$CallableBuildOperationWorker.execute(DefaultBuildOperationRunner.java:210)
	at org.gradle.internal.operations.DefaultBuildOperationRunner$CallableBuildOperationWorker.execute(DefaultBuildOperationRunner.java:205)
	at org.gradle.internal.operations.DefaultBuildOperationRunner$2.execute(DefaultBuildOperationRunner.java:67)
	at org.gradle.internal.operations.DefaultBuildOperationRunner$2.execute(DefaultBuildOperationRunner.java:60)
	at org.gradle.internal.operations.DefaultBuildOperationRunner.execute(DefaultBuildOperationRunner.java:167)
	at org.gradle.internal.operations.DefaultBuildOperationRunner.execute(DefaultBuildOperationRunner.java:60)
	at org.gradle.internal.operations.DefaultBuildOperationRunner.call(DefaultBuildOperationRunner.java:54)
	at org.gradle.internal.execution.steps.ExecuteStep.execute(ExecuteStep.java:134)
	at org.gradle.internal.execution.steps.ExecuteStep$Immutable.execute(ExecuteStep.java:49)
	at org.gradle.internal.execution.steps.CancelExecutionStep.execute(CancelExecutionStep.java:42)
	at org.gradle.internal.execution.steps.TimeoutStep.executeWithoutTimeout(TimeoutStep.java:75)
	at org.gradle.internal.execution.steps.TimeoutStep.execute(TimeoutStep.java:55)
	at org.gradle.internal.execution.steps.PreCreateOutputParentsStep.execute(PreCreateOutputParentsStep.java:51)
	at org.gradle.internal.execution.steps.PreCreateOutputParentsStep.execute(PreCreateOutputParentsStep.java:29)
	at org.gradle.internal.execution.steps.BroadcastChangingOutputsStep.execute(BroadcastChangingOutputsStep.java:42)
	at org.gradle.internal.execution.steps.BroadcastChangingOutputsStep.execute(BroadcastChangingOutputsStep.java:24)
	at org.gradle.internal.execution.steps.CaptureOutputsAfterExecutionStep.execute(CaptureOutputsAfterExecutionStep.java:69)
	at org.gradle.internal.execution.steps.CaptureOutputsAfterExecutionStep.execute(CaptureOutputsAfterExecutionStep.java:46)
	at org.gradle.internal.execution.steps.BuildCacheStep.executeWithoutCache(BuildCacheStep.java:189)
	at org.gradle.internal.execution.steps.BuildCacheStep.lambda$execute$1(BuildCacheStep.java:76)
	at org.gradle.internal.Either$Right.fold(Either.java:176)
	at org.gradle.internal.execution.caching.CachingState.fold(CachingState.java:62)
	at org.gradle.internal.execution.steps.BuildCacheStep.execute(BuildCacheStep.java:74)
	at org.gradle.internal.execution.steps.BuildCacheStep.execute(BuildCacheStep.java:49)
	at org.gradle.internal.execution.steps.NeverUpToDateStep.execute(NeverUpToDateStep.java:35)
	at org.gradle.internal.execution.steps.NeverUpToDateStep.execute(NeverUpToDateStep.java:23)
	at org.gradle.internal.execution.steps.legacy.MarkSnapshottingInputsFinishedStep.execute(MarkSnapshottingInputsFinishedStep.java:37)
	at org.gradle.internal.execution.steps.legacy.MarkSnapshottingInputsFinishedStep.execute(MarkSnapshottingInputsFinishedStep.java:27)
	at org.gradle.internal.execution.steps.ResolveImmutableCachingStateStep.executeDelegate(ResolveImmutableCachingStateStep.java:45)
	at org.gradle.internal.execution.steps.ResolveImmutableCachingStateStep.executeDelegate(ResolveImmutableCachingStateStep.java:25)
	at org.gradle.internal.execution.steps.AbstractResolveCachingStateStep.execute(AbstractResolveCachingStateStep.java:69)
	at org.gradle.internal.execution.steps.AbstractResolveCachingStateStep.execute(AbstractResolveCachingStateStep.java:37)
	at org.gradle.internal.execution.steps.ValidateStep$Immutable.executeDelegate(ValidateStep.java:61)
	at org.gradle.internal.execution.steps.ValidateStep$Immutable.executeDelegate(ValidateStep.java:47)
	at org.gradle.internal.execution.steps.ValidateStep.execute(ValidateStep.java:105)
	at org.gradle.internal.execution.steps.ValidateStep$Immutable.execute(ValidateStep.java:47)
	at org.gradle.internal.execution.steps.CaptureImmutableStateBeforeExecutionStep.execute(CaptureImmutableStateBeforeExecutionStep.java:45)
	at org.gradle.internal.execution.steps.CaptureImmutableStateBeforeExecutionStep.execute(CaptureImmutableStateBeforeExecutionStep.java:26)
	at org.gradle.internal.execution.steps.legacy.MarkSnapshottingInputsStartedStep.execute(MarkSnapshottingInputsStartedStep.java:38)
	at org.gradle.internal.execution.steps.AssignImmutableWorkspaceStep.executeInWorkspace(AssignImmutableWorkspaceStep.java:233)
	at org.gradle.internal.execution.steps.AssignImmutableWorkspaceStep.lambda$loadOrCreateWorkspace$2(AssignImmutableWorkspaceStep.java:149)
	at org.gradle.cache.internal.DefaultFineGrainedPersistentCache.withFileLock(DefaultFineGrainedPersistentCache.java:126)
	at org.gradle.cache.internal.DefaultCacheFactory$ReferenceTrackingFineGrainedCache.withFileLock(DefaultCacheFactory.java:294)
	at org.gradle.internal.execution.workspace.impl.CacheBasedImmutableWorkspaceProvider$1.withFileLock(CacheBasedImmutableWorkspaceProvider.java:71)
	at org.gradle.internal.execution.steps.AssignImmutableWorkspaceStep.loadOrCreateWorkspace(AssignImmutableWorkspaceStep.java:141)
	at org.gradle.internal.execution.steps.AssignImmutableWorkspaceStep.lambda$execute$0(AssignImmutableWorkspaceStep.java:115)
	at org.gradle.internal.execution.workspace.impl.CacheBasedImmutableWorkspaceProvider$1.getOrCompute(CacheBasedImmutableWorkspaceProvider.java:89)
	at org.gradle.internal.execution.steps.AssignImmutableWorkspaceStep.execute(AssignImmutableWorkspaceStep.java:115)
	at org.gradle.internal.execution.steps.AssignImmutableWorkspaceStep.execute(AssignImmutableWorkspaceStep.java:80)
	at org.gradle.internal.execution.steps.ChoosePipelineStep.execute(ChoosePipelineStep.java:38)
	at org.gradle.internal.execution.steps.ChoosePipelineStep.execute(ChoosePipelineStep.java:23)
	at org.gradle.internal.execution.steps.ExecuteWorkBuildOperationFiringStep.lambda$execute$0(ExecuteWorkBuildOperationFiringStep.java:53)
	at org.gradle.internal.execution.steps.BuildOperationStep$1.call(BuildOperationStep.java:38)
	at org.gradle.internal.operations.DefaultBuildOperationRunner$CallableBuildOperationWorker.execute(DefaultBuildOperationRunner.java:210)
	at org.gradle.internal.operations.DefaultBuildOperationRunner$CallableBuildOperationWorker.execute(DefaultBuildOperationRunner.java:205)
	at org.gradle.internal.operations.DefaultBuildOperationRunner$2.execute(DefaultBuildOperationRunner.java:67)
	at org.gradle.internal.operations.DefaultBuildOperationRunner$2.execute(DefaultBuildOperationRunner.java:60)
	at org.gradle.internal.operations.DefaultBuildOperationRunner.execute(DefaultBuildOperationRunner.java:167)
	at org.gradle.internal.operations.DefaultBuildOperationRunner.execute(DefaultBuildOperationRunner.java:60)
	at org.gradle.internal.operations.DefaultBuildOperationRunner.call(DefaultBuildOperationRunner.java:54)
	at org.gradle.internal.execution.steps.BuildOperationStep.operation(BuildOperationStep.java:35)
	at org.gradle.internal.execution.steps.ExecuteWorkBuildOperationFiringStep.lambda$execute$1(ExecuteWorkBuildOperationFiringStep.java:51)
	at org.gradle.internal.execution.steps.ExecuteWorkBuildOperationFiringStep.execute(ExecuteWorkBuildOperationFiringStep.java:51)
	at org.gradle.internal.execution.steps.ExecuteWorkBuildOperationFiringStep.execute(ExecuteWorkBuildOperationFiringStep.java:39)
	at org.gradle.internal.execution.steps.IdentityCacheStep.execute(IdentityCacheStep.java:46)
	at org.gradle.internal.execution.steps.IdentityCacheStep.execute(IdentityCacheStep.java:34)
	at org.gradle.internal.execution.steps.IdentifyStep.execute(IdentifyStep.java:56)
	at org.gradle.internal.execution.steps.IdentifyStep.execute(IdentifyStep.java:38)
	at org.gradle.internal.execution.impl.DefaultExecutionEngine$1.execute(DefaultExecutionEngine.java:68)
	at org.gradle.kotlin.dsl.provider.StandardKotlinScriptEvaluator$InterpreterHost.cachedDirFor(KotlinScriptEvaluator.kt:306)
	at org.gradle.kotlin.dsl.execution.Interpreter$ProgramHost.compileSecondStageOf(Interpreter.kt:482)
	at Program.loadSecondStageFor(Unknown Source)
	at org.gradle.kotlin.dsl.execution.Interpreter$ProgramHost.evaluateSecondStageOf(Interpreter.kt:446)
	at Program.execute(Unknown Source)
	at org.gradle.kotlin.dsl.execution.Interpreter$ProgramHost$eval$1.run(Interpreter.kt:532)
	at org.gradle.internal.operations.DefaultBuildOperationRunner$1.execute(DefaultBuildOperationRunner.java:30)
	at org.gradle.internal.operations.DefaultBuildOperationRunner$1.execute(DefaultBuildOperationRunner.java:27)
	at org.gradle.internal.operations.DefaultBuildOperationRunner$2.execute(DefaultBuildOperationRunner.java:67)
	at org.gradle.internal.operations.DefaultBuildOperationRunner$2.execute(DefaultBuildOperationRunner.java:60)
	at org.gradle.internal.operations.DefaultBuildOperationRunner.execute(DefaultBuildOperationRunner.java:167)
	at org.gradle.internal.operations.DefaultBuildOperationRunner.execute(DefaultBuildOperationRunner.java:60)
	at org.gradle.internal.operations.DefaultBuildOperationRunner.run(DefaultBuildOperationRunner.java:48)
	at org.gradle.kotlin.dsl.execution.Interpreter$ProgramHost.eval(Interpreter.kt:527)
	at org.gradle.kotlin.dsl.execution.Interpreter.eval(Interpreter.kt:223)
	at org.gradle.kotlin.dsl.provider.StandardKotlinScriptEvaluator.evaluate(KotlinScriptEvaluator.kt:133)
	at org.gradle.kotlin.dsl.provider.KotlinScriptPluginFactory.create$lambda$0(KotlinScriptPluginFactory.kt:61)
	at org.gradle.kotlin.dsl.provider.KotlinScriptPlugin.apply(KotlinScriptPlugin.kt:35)
	at org.gradle.configuration.BuildOperationScriptPlugin$1.run(BuildOperationScriptPlugin.java:68)
	at org.gradle.internal.operations.DefaultBuildOperationRunner$1.execute(DefaultBuildOperationRunner.java:30)
	at org.gradle.internal.operations.DefaultBuildOperationRunner$1.execute(DefaultBuildOperationRunner.java:27)
	at org.gradle.internal.operations.DefaultBuildOperationRunner$2.execute(DefaultBuildOperationRunner.java:67)
	at org.gradle.internal.operations.DefaultBuildOperationRunner$2.execute(DefaultBuildOperationRunner.java:60)
	at org.gradle.internal.operations.DefaultBuildOperationRunner.execute(DefaultBuildOperationRunner.java:167)
	at org.gradle.internal.operations.DefaultBuildOperationRunner.execute(DefaultBuildOperationRunner.java:60)
	at org.gradle.internal.operations.DefaultBuildOperationRunner.run(DefaultBuildOperationRunner.java:48)
	at org.gradle.configuration.BuildOperationScriptPlugin.lambda$apply$0(BuildOperationScriptPlugin.java:65)
	at org.gradle.internal.code.DefaultUserCodeApplicationContext.apply(DefaultUserCodeApplicationContext.java:44)
	at org.gradle.configuration.BuildOperationScriptPlugin.apply(BuildOperationScriptPlugin.java:65)
	at org.gradle.api.internal.project.DefaultProjectState.lambda$applyToMutableState$0(DefaultProjectState.java:226)
	at org.gradle.api.internal.project.DefaultProjectState.lambda$fromMutableState$1(DefaultProjectState.java:233)
	at org.gradle.api.internal.project.DefaultProjectState.runWithModelLock(DefaultProjectState.java:249)
	at org.gradle.api.internal.project.DefaultProjectState.fromMutableState(DefaultProjectState.java:233)
	at org.gradle.api.internal.project.DefaultProjectState.applyToMutableState(DefaultProjectState.java:225)
	at org.gradle.configuration.project.BuildScriptProcessor.execute(BuildScriptProcessor.java:46)
	at org.gradle.configuration.project.BuildScriptProcessor.execute(BuildScriptProcessor.java:27)
	at org.gradle.configuration.project.ConfigureActionsProjectEvaluator.evaluate(ConfigureActionsProjectEvaluator.java:35)
	at org.gradle.configuration.project.LifecycleProjectEvaluator$EvaluateProject.lambda$run$0(LifecycleProjectEvaluator.java:109)
	at org.gradle.api.internal.project.DefaultProjectState.lambda$applyToMutableState$0(DefaultProjectState.java:226)
	at org.gradle.api.internal.project.DefaultProjectState.lambda$fromMutableState$1(DefaultProjectState.java:233)
	at org.gradle.internal.work.DefaultWorkerLeaseService.lambda$runAndReleaseLocks$0(DefaultWorkerLeaseService.java:300)
	at org.gradle.internal.work.ResourceLockStatistics$1.measure(ResourceLockStatistics.java:43)
	at org.gradle.internal.work.DefaultWorkerLeaseService.runAndReleaseLocks(DefaultWorkerLeaseService.java:298)
	at org.gradle.internal.work.DefaultWorkerLeaseService.withLocksAcquired(DefaultWorkerLeaseService.java:294)
	at org.gradle.internal.work.DefaultWorkerLeaseService.lambda$withReplacedLocks$4(DefaultWorkerLeaseService.java:450)
	at org.gradle.internal.work.DefaultWorkerLeaseService.withoutLocks(DefaultWorkerLeaseService.java:372)
	at org.gradle.internal.work.DefaultWorkerLeaseService.withReplacedLocks(DefaultWorkerLeaseService.java:449)
	at org.gradle.api.internal.project.DefaultProjectState.runWithModelLock(DefaultProjectState.java:254)
	at org.gradle.api.internal.project.DefaultProjectState.fromMutableState(DefaultProjectState.java:233)
	at org.gradle.api.internal.project.DefaultProjectState.applyToMutableState(DefaultProjectState.java:225)
	at org.gradle.configuration.project.LifecycleProjectEvaluator$EvaluateProject.run(LifecycleProjectEvaluator.java:100)
	at org.gradle.internal.operations.DefaultBuildOperationRunner$1.execute(DefaultBuildOperationRunner.java:30)
	at org.gradle.internal.operations.DefaultBuildOperationRunner$1.execute(DefaultBuildOperationRunner.java:27)
	at org.gradle.internal.operations.DefaultBuildOperationRunner$2.execute(DefaultBuildOperationRunner.java:67)
	at org.gradle.internal.operations.DefaultBuildOperationRunner$2.execute(DefaultBuildOperationRunner.java:60)
	at org.gradle.internal.operations.DefaultBuildOperationRunner.execute(DefaultBuildOperationRunner.java:167)
	at org.gradle.internal.operations.DefaultBuildOperationRunner.execute(DefaultBuildOperationRunner.java:60)
	at org.gradle.internal.operations.DefaultBuildOperationRunner.run(DefaultBuildOperationRunner.java:48)
	at org.gradle.configuration.project.LifecycleProjectEvaluator.evaluate(LifecycleProjectEvaluator.java:72)
	at org.gradle.api.internal.project.DefaultProject.evaluateUnchecked(DefaultProject.java:828)
	at org.gradle.api.internal.project.ProjectLifecycleController.lambda$ensureSelfConfigured$2(ProjectLifecycleController.java:96)
	at org.gradle.internal.model.StateTransitionController.lambda$doTransition$15(StateTransitionController.java:293)
	at org.gradle.internal.model.StateTransitionController.doTransition(StateTransitionController.java:304)
	at org.gradle.internal.model.StateTransitionController.doTransition(StateTransitionController.java:292)
	at org.gradle.internal.model.StateTransitionController.lambda$maybeTransitionIfNotCurrentlyTransitioning$11(StateTransitionController.java:237)
	at org.gradle.internal.work.DefaultSynchronizer.withLock(DefaultSynchronizer.java:35)
	at org.gradle.internal.model.StateTransitionController.maybeTransitionIfNotCurrentlyTransitioning(StateTransitionController.java:233)
	at org.gradle.api.internal.project.ProjectLifecycleController.ensureSelfConfigured(ProjectLifecycleController.java:96)
	at org.gradle.api.internal.project.DefaultProjectState.ensureConfigured(DefaultProjectState.java:194)
	at org.gradle.execution.TaskPathProjectEvaluator.configure(TaskPathProjectEvaluator.java:70)
	at org.gradle.execution.TaskPathProjectEvaluator.configureHierarchy(TaskPathProjectEvaluator.java:86)
	at org.gradle.configuration.DefaultProjectsPreparer.prepareProjects(DefaultProjectsPreparer.java:52)
	at org.gradle.configuration.BuildTreePreparingProjectsPreparer.prepareProjects(BuildTreePreparingProjectsPreparer.java:65)
	at org.gradle.configuration.BuildOperationFiringProjectsPreparer$ConfigureBuild.run(BuildOperationFiringProjectsPreparer.java:52)
	at org.gradle.internal.operations.DefaultBuildOperationRunner$1.execute(DefaultBuildOperationRunner.java:30)
	at org.gradle.internal.operations.DefaultBuildOperationRunner$1.execute(DefaultBuildOperationRunner.java:27)
	at org.gradle.internal.operations.DefaultBuildOperationRunner$2.execute(DefaultBuildOperationRunner.java:67)
	at org.gradle.internal.operations.DefaultBuildOperationRunner$2.execute(DefaultBuildOperationRunner.java:60)
	at org.gradle.internal.operations.DefaultBuildOperationRunner.execute(DefaultBuildOperationRunner.java:167)
	at org.gradle.internal.operations.DefaultBuildOperationRunner.execute(DefaultBuildOperationRunner.java:60)
	at org.gradle.internal.operations.DefaultBuildOperationRunner.run(DefaultBuildOperationRunner.java:48)
	at org.gradle.configuration.BuildOperationFiringProjectsPreparer.prepareProjects(BuildOperationFiringProjectsPreparer.java:40)
	at org.gradle.initialization.VintageBuildModelController.lambda$prepareProjects$2(VintageBuildModelController.java:83)
	at org.gradle.internal.model.StateTransitionController.lambda$doTransition$15(StateTransitionController.java:293)
	at org.gradle.internal.model.StateTransitionController.doTransition(StateTransitionController.java:304)
	at org.gradle.internal.model.StateTransitionController.doTransition(StateTransitionController.java:292)
	at org.gradle.internal.model.StateTransitionController.lambda$transitionIfNotPreviously$12(StateTransitionController.java:251)
	at org.gradle.internal.work.DefaultSynchronizer.withLock(DefaultSynchronizer.java:35)
	at org.gradle.internal.model.StateTransitionController.transitionIfNotPreviously(StateTransitionController.java:247)
	at org.gradle.initialization.VintageBuildModelController.prepareProjects(VintageBuildModelController.java:83)
	at org.gradle.initialization.VintageBuildModelController.prepareToScheduleTasks(VintageBuildModelController.java:70)
	at org.gradle.internal.build.DefaultBuildLifecycleController.lambda$prepareToScheduleTasks$7(DefaultBuildLifecycleController.java:185)
	at org.gradle.internal.model.StateTransitionController.lambda$doTransition$15(StateTransitionController.java:293)
	at org.gradle.internal.model.StateTransitionController.doTransition(StateTransitionController.java:304)
	at org.gradle.internal.model.StateTransitionController.doTransition(StateTransitionController.java:292)
	at org.gradle.internal.model.StateTransitionController.lambda$maybeTransition$10(StateTransitionController.java:228)
	at org.gradle.internal.work.DefaultSynchronizer.withLock(DefaultSynchronizer.java:35)
	at org.gradle.internal.model.StateTransitionController.maybeTransition(StateTransitionController.java:224)
	at org.gradle.internal.build.DefaultBuildLifecycleController.prepareToScheduleTasks(DefaultBuildLifecycleController.java:183)
	at org.gradle.internal.buildtree.DefaultBuildTreeWorkPreparer.scheduleRequestedTasks(DefaultBuildTreeWorkPreparer.java:35)
	at org.gradle.internal.cc.impl.barrier.BarrierAwareBuildTreeWorkPreparer.scheduleRequestedTasks$lambda$0(BarrierAwareBuildTreeWorkPreparer.kt:34)
	at org.gradle.internal.cc.impl.barrier.VintageConfigurationTimeActionRunner.runConfigurationTimeAction(VintageConfigurationTimeActionRunner.kt:48)
	at org.gradle.internal.cc.impl.barrier.BarrierAwareBuildTreeWorkPreparer.scheduleRequestedTasks(BarrierAwareBuildTreeWorkPreparer.kt:33)
	at org.gradle.internal.cc.impl.VintageBuildTreeWorkController$scheduleAndRunRequestedTasks$1$finalizedGraph$1.call(VintageBuildTreeWorkController.kt:37)
	at org.gradle.internal.cc.impl.VintageBuildTreeWorkController$scheduleAndRunRequestedTasks$1$finalizedGraph$1.call(VintageBuildTreeWorkController.kt:37)
	at org.gradle.internal.Try.ofFailable(Try.java:46)
	at org.gradle.internal.cc.impl.VintageBuildTreeWorkController$scheduleAndRunRequestedTasks$1.apply(VintageBuildTreeWorkController.kt:37)
	at org.gradle.internal.cc.impl.VintageBuildTreeWorkController$scheduleAndRunRequestedTasks$1.apply(VintageBuildTreeWorkController.kt:36)
	at org.gradle.composite.internal.DefaultIncludedBuildTaskGraph.withNewWorkGraph(DefaultIncludedBuildTaskGraph.java:115)
	at org.gradle.internal.cc.impl.VintageBuildTreeWorkController.scheduleAndRunRequestedTasks(VintageBuildTreeWorkController.kt:36)
	at org.gradle.internal.buildtree.DefaultBuildTreeLifecycleController.lambda$scheduleAndRunTasks$1(DefaultBuildTreeLifecycleController.java:76)
	at org.gradle.internal.buildtree.DefaultBuildTreeLifecycleController.lambda$runBuild$5(DefaultBuildTreeLifecycleController.java:121)
	at org.gradle.internal.model.StateTransitionController.lambda$transition$7(StateTransitionController.java:207)
	at org.gradle.internal.model.StateTransitionController.doTransition(StateTransitionController.java:304)
	at org.gradle.internal.model.StateTransitionController.lambda$transition$8(StateTransitionController.java:207)
	at org.gradle.internal.work.DefaultSynchronizer.withLock(DefaultSynchronizer.java:45)
	at org.gradle.internal.model.StateTransitionController.transition(StateTransitionController.java:207)
	at org.gradle.internal.buildtree.DefaultBuildTreeLifecycleController.runBuild(DefaultBuildTreeLifecycleController.java:118)
	at org.gradle.internal.buildtree.DefaultBuildTreeLifecycleController.scheduleAndRunTasks(DefaultBuildTreeLifecycleController.java:76)
	at org.gradle.internal.buildtree.DefaultBuildTreeLifecycleController.scheduleAndRunTasks(DefaultBuildTreeLifecycleController.java:71)
	at org.gradle.tooling.internal.provider.ExecuteBuildActionRunner.run(ExecuteBuildActionRunner.java:31)
	at org.gradle.launcher.exec.ChainingBuildActionRunner.run(ChainingBuildActionRunner.java:35)
	at org.gradle.internal.buildtree.ProblemReportingBuildActionRunner.run(ProblemReportingBuildActionRunner.java:55)
	at org.gradle.launcher.exec.BuildOutcomeReportingBuildActionRunner.run(BuildOutcomeReportingBuildActionRunner.java:83)
	at org.gradle.tooling.internal.provider.FileSystemWatchingBuildActionRunner.run(FileSystemWatchingBuildActionRunner.java:135)
	at org.gradle.launcher.exec.BuildCompletionNotifyingBuildActionRunner.run(BuildCompletionNotifyingBuildActionRunner.java:64)
	at org.gradle.launcher.exec.RootBuildLifecycleBuildActionExecutor.lambda$execute$0(RootBuildLifecycleBuildActionExecutor.java:101)
	at org.gradle.composite.internal.DefaultRootBuildState.run(DefaultRootBuildState.java:119)
	at org.gradle.launcher.exec.RootBuildLifecycleBuildActionExecutor.execute(RootBuildLifecycleBuildActionExecutor.java:101)
	at org.gradle.launcher.exec.DefaultBuildTreeActionExecutor.runBuildTreeLifecycle(DefaultBuildTreeActionExecutor.java:126)
	at org.gradle.launcher.exec.DefaultBuildTreeActionExecutor.access$100(DefaultBuildTreeActionExecutor.java:52)
	at org.gradle.launcher.exec.DefaultBuildTreeActionExecutor$2.call(DefaultBuildTreeActionExecutor.java:98)
	at org.gradle.launcher.exec.DefaultBuildTreeActionExecutor$2.call(DefaultBuildTreeActionExecutor.java:94)
	at org.gradle.internal.operations.DefaultBuildOperationRunner$CallableBuildOperationWorker.execute(DefaultBuildOperationRunner.java:210)
	at org.gradle.internal.operations.DefaultBuildOperationRunner$CallableBuildOperationWorker.execute(DefaultBuildOperationRunner.java:205)
	at org.gradle.internal.operations.DefaultBuildOperationRunner$2.execute(DefaultBuildOperationRunner.java:67)
	at org.gradle.internal.operations.DefaultBuildOperationRunner$2.execute(DefaultBuildOperationRunner.java:60)
	at org.gradle.internal.operations.DefaultBuildOperationRunner.execute(DefaultBuildOperationRunner.java:167)
	at org.gradle.internal.operations.DefaultBuildOperationRunner.execute(DefaultBuildOperationRunner.java:60)
	at org.gradle.internal.operations.DefaultBuildOperationRunner.call(DefaultBuildOperationRunner.java:54)
	at org.gradle.launcher.exec.DefaultBuildTreeActionExecutor.runAsBuildOperation(DefaultBuildTreeActionExecutor.java:94)
	at org.gradle.launcher.exec.DefaultBuildTreeActionExecutor.lambda$runBuildTreeAction$0(DefaultBuildTreeActionExecutor.java:88)
	at org.gradle.internal.work.DefaultWorkerLeaseService.lambda$runAndReleaseLocks$0(DefaultWorkerLeaseService.java:300)
	at org.gradle.internal.work.ResourceLockStatistics$1.measure(ResourceLockStatistics.java:43)
	at org.gradle.internal.work.DefaultWorkerLeaseService.runAndReleaseLocks(DefaultWorkerLeaseService.java:298)
	at org.gradle.internal.work.DefaultWorkerLeaseService.withLocksAcquired(DefaultWorkerLeaseService.java:294)
	at org.gradle.internal.work.DefaultWorkerLeaseService.withLocks(DefaultWorkerLeaseService.java:286)
	at org.gradle.internal.work.DefaultWorkerLeaseService.runAsWorkerThread(DefaultWorkerLeaseService.java:130)
	at org.gradle.launcher.exec.DefaultBuildTreeActionExecutor.runBuildTreeAction(DefaultBuildTreeActionExecutor.java:88)
	at org.gradle.tooling.internal.provider.continuous.ContinuousBuildActionExecutor.execute(ContinuousBuildActionExecutor.java:111)
	at org.gradle.tooling.internal.provider.SubscribableBuildActionExecutor.execute(SubscribableBuildActionExecutor.java:64)
	at org.gradle.internal.session.DefaultBuildSessionContext.execute(DefaultBuildSessionContext.java:46)
	at org.gradle.internal.buildprocess.execution.BuildSessionLifecycleBuildActionExecutor$ActionImpl.apply(BuildSessionLifecycleBuildActionExecutor.java:106)
	at org.gradle.internal.buildprocess.execution.BuildSessionLifecycleBuildActionExecutor$ActionImpl.apply(BuildSessionLifecycleBuildActionExecutor.java:94)
	at org.gradle.internal.session.BuildSessionState.run(BuildSessionState.java:73)
	at org.gradle.internal.buildprocess.execution.BuildSessionLifecycleBuildActionExecutor.execute(BuildSessionLifecycleBuildActionExecutor.java:67)
	at org.gradle.internal.buildprocess.execution.BuildSessionLifecycleBuildActionExecutor.execute(BuildSessionLifecycleBuildActionExecutor.java:45)
	at org.gradle.internal.buildprocess.execution.StartParamsValidatingActionExecutor.execute(StartParamsValidatingActionExecutor.java:57)
	at org.gradle.internal.buildprocess.execution.StartParamsValidatingActionExecutor.execute(StartParamsValidatingActionExecutor.java:32)
	at org.gradle.internal.buildprocess.execution.SessionFailureReportingActionExecutor.execute(SessionFailureReportingActionExecutor.java:51)
	at org.gradle.internal.buildprocess.execution.SessionFailureReportingActionExecutor.execute(SessionFailureReportingActionExecutor.java:39)
	at org.gradle.internal.buildprocess.execution.SetupLoggingActionExecutor.execute(SetupLoggingActionExecutor.java:47)
	at org.gradle.internal.buildprocess.execution.SetupLoggingActionExecutor.execute(SetupLoggingActionExecutor.java:31)
	at org.gradle.launcher.daemon.server.exec.ExecuteBuild.doBuild(ExecuteBuild.java:70)
	at org.gradle.launcher.daemon.server.exec.BuildCommandOnly.execute(BuildCommandOnly.java:37)
	at org.gradle.launcher.daemon.server.api.DaemonCommandExecution.proceed(DaemonCommandExecution.java:104)
	at org.gradle.launcher.daemon.server.exec.WatchForDisconnection.execute(WatchForDisconnection.java:39)
	at org.gradle.launcher.daemon.server.api.DaemonCommandExecution.proceed(DaemonCommandExecution.java:104)
	at org.gradle.launcher.daemon.server.exec.ResetDeprecationLogger.execute(ResetDeprecationLogger.java:29)
	at org.gradle.launcher.daemon.server.api.DaemonCommandExecution.proceed(DaemonCommandExecution.java:104)
	at org.gradle.launcher.daemon.server.exec.RequestStopIfSingleUsedDaemon.execute(RequestStopIfSingleUsedDaemon.java:35)
	at org.gradle.launcher.daemon.server.api.DaemonCommandExecution.proceed(DaemonCommandExecution.java:104)
	at org.gradle.launcher.daemon.server.exec.ForwardClientInput.lambda$execute$0(ForwardClientInput.java:40)
	at org.gradle.internal.daemon.clientinput.ClientInputForwarder.forwardInput(ClientInputForwarder.java:80)
	at org.gradle.launcher.daemon.server.exec.ForwardClientInput.execute(ForwardClientInput.java:37)
	at org.gradle.launcher.daemon.server.api.DaemonCommandExecution.proceed(DaemonCommandExecution.java:104)
	at org.gradle.launcher.daemon.server.exec.LogAndCheckHealth.execute(LogAndCheckHealth.java:64)
	at org.gradle.launcher.daemon.server.api.DaemonCommandExecution.proceed(DaemonCommandExecution.java:104)
	at org.gradle.launcher.daemon.server.exec.ApplyClientEnvironmentVariables.doBuild(ApplyClientEnvironmentVariables.java:80)
	at org.gradle.launcher.daemon.server.exec.BuildCommandOnly.execute(BuildCommandOnly.java:37)
	at org.gradle.launcher.daemon.server.api.DaemonCommandExecution.proceed(DaemonCommandExecution.java:104)
	at org.gradle.launcher.daemon.server.exec.LogToClient.doBuild(LogToClient.java:63)
	at org.gradle.launcher.daemon.server.exec.BuildCommandOnly.execute(BuildCommandOnly.java:37)
	at org.gradle.launcher.daemon.server.api.DaemonCommandExecution.proceed(DaemonCommandExecution.java:104)
	at org.gradle.launcher.daemon.server.exec.EstablishBuildEnvironment.doBuild(EstablishBuildEnvironment.java:74)
	at org.gradle.launcher.daemon.server.exec.BuildCommandOnly.execute(BuildCommandOnly.java:37)
	at org.gradle.launcher.daemon.server.api.DaemonCommandExecution.proceed(DaemonCommandExecution.java:104)
	at org.gradle.launcher.daemon.server.exec.StartBuildOrRespondWithBusy$1.run(StartBuildOrRespondWithBusy.java:52)
	at org.gradle.launcher.daemon.server.DaemonStateCoordinator.lambda$runCommand$0(DaemonStateCoordinator.java:321)
	at org.gradle.internal.concurrent.ExecutorPolicy$CatchAndRecordFailures.onExecute(ExecutorPolicy.java:64)
	at org.gradle.internal.concurrent.AbstractManagedExecutor$1.run(AbstractManagedExecutor.java:47)


Deprecated Gradle features were used in this build, making it incompatible with Gradle 10.

You can use '--warning-mode all' to show the individual deprecation warnings and determine if they come from your own scripts or plugins.

For more on this, please refer to https://docs.gradle.org/9.6.0/userguide/command_line_interface.html#sec:command_line_warnings in the Gradle documentation.

BUILD FAILED in 1m 5s
